BON2Component.cpp
BON2Component.dsw
BON2Component.h
CompIcon.ico
component.def
Component.rc
ComponentConfig.h
MIFRWRKBON2Component.dsp
Resource.h
StdAfx.cpp
StdAfx.h
Helper/entity.h
Helper/Globals.h
Helper/logger.cpp
Helper/logger.h
Helper/Regexp.cpp
Helper/Regexp.h
Helper/relation.cpp
Helper/relation.h
Helper/token.cpp
Helper/token.h
Helper/TokenEx.cpp
Helper/TokenEx.h
Rep/Any.cpp
Rep/Any.h
Rep/AspectRep.cpp
Rep/AspectRep.h
Rep/AtomRep.cpp
Rep/AtomRep.h
Rep/AttributeRep.cpp
Rep/AttributeRep.h
Rep/ConnectionRep.cpp
Rep/ConnectionRep.h
Rep/ConnJoint.cpp
Rep/ConnJoint.h
Rep/Constrained.cpp
Rep/Constrained.h
Rep/ConstraintFuncRep.cpp
Rep/ConstraintFuncRep.h
Rep/ConstraintRep.cpp
Rep/ConstraintRep.h
Rep/FCO.cpp
Rep/FCO.h
Rep/FcoRep.h
Rep/FolderRep.cpp
Rep/FolderRep.h
Rep/ModelRep.cpp
Rep/ModelRep.h
Rep/PartRep.h
Rep/ReferenceRep.cpp
Rep/ReferenceRep.h
Rep/RoleRep.cpp
Rep/RoleRep.h
Rep/SetRep.cpp
Rep/SetRep.h
Rep/Sheet.cpp
Rep/Sheet.h
